// Vitest Snapshot v1, https://vitest.dev/guide/snapshot.html

exports[`'DotLottieReact' > basic 1`] = `
<div>
  <div
    style="width: 100%; height: 100%; line-height: 0;"
  >
    <canvas
      style="width: 100%; height: 100%;"
    />
  </div>
</div>
`;

exports[`'DotLottieWebGLReact' > basic 1`] = `
<div>
  <div
    style="width: 100%; height: 100%; line-height: 0;"
  >
    <canvas
      style="width: 100%; height: 100%;"
    />
  </div>
</div>
`;

exports[`'DotLottieWebGPUReact' > basic 1`] = `
<div>
  <div
    style="width: 100%; height: 100%; line-height: 0;"
  >
    <canvas
      style="width: 100%; height: 100%;"
    />
  </div>
</div>
`;

exports[`'DotLottieWorkerReact' > basic 1`] = `
<div>
  <div
    style="width: 100%; height: 100%; line-height: 0;"
  >
    <canvas
      style="width: 100%; height: 100%;"
    />
  </div>
</div>
`;
